// Jest Snapshot v1, https://goo.gl/fbAQLP

exports[`PokemonPicture - Component debe ser igual que el snapshot 1`] = `
<div class="container">
  <div class="pokemon-image"><img alt="PokÃ©mon" src="https://raw.githubusercontent.com/PokeAPI/sprites/master/sprites/pokemon/other/dream-world/7.svg" class="move-with-fade hidden-pokemon"></div>
</div>
`;
